<html>
<body>
<pre>
<h1>µVision Build Log</h1>
<h2>Tool Versions:</h2>
IDE-Version: µVision V5.39.0.0
Copyright (C) 2023 ARM Ltd and ARM Germany GmbH. All rights reserved.
License Information: Francois Hao, University of Warwick, LIC=53C40-V1PEF-1TB3K-CBY7F-EABNQ-K9D07
 
Tool Versions:
Toolchain:       MDK-ARM Community  Version: 5.39.0.0
Toolchain Path:  D:\work\Keil\Core\ARM\ARMCLANG\Bin
C Compiler:      ArmClang.exe V6.21
Assembler:       Armasm.exe V6.21
Linker/Locator:  ArmLink.exe V6.21
Library Manager: ArmAr.exe V6.21
Hex Converter:   FromElf.exe V6.21
CPU DLL:         SARMCM3.DLL V5.39.0.0
Dialog DLL:      DCM.DLL V1.17.5.0
Target DLL:      STLink\ST-LINKIII-KEIL_SWO.dll V3.2.0.0
Dialog DLL:      TCM.DLL V1.56.4.0
 
<h2>Project:</h2>
D:\work\ST_copy\en.stm32cubef4-v1-28-0\STM32Cube_FW_F4_V1.28.0\Projects\STM32F429ZI-Nucleo\Examples\UART\UART_ReceptionToIdle_CircularDMA\MDK-ARM\UART_ReceptionToIdle_CircularDMA.uvprojx
Project File Date:  04/24/2024

<h2>Output:</h2>
*** Using Compiler 'V6.21', folder: 'D:\work\Keil\Core\ARM\ARMCLANG\Bin'
Rebuild target 'UART_ReceptionToIdle_CircularDMA'
assembling startup_stm32f429xx.s...
compiling stm32f4xx_hal_gpio.c...
compiling system_stm32f4xx.c...
../Src/main.c(438): warning: incompatible pointer types passing 'uint8_t (*)[2]' (aka 'unsigned char (*)[2]') to parameter of type 'uint8_t *' (aka 'unsigned char *') [-Wincompatible-pointer-types]
  438 |            PrintInfo(&huart3, &CR, 2);
      |                               ^~~
../Src/main.c(256): note: passing argument to parameter 'String' here
  256 | void PrintInfo(UART_HandleTypeDef *huart, uint8_t *String, uint16_t Size)
      |                                                    ^
../Src/main.c(440): warning: incompatible pointer types passing 'uint8_t (*)[2]' (aka 'unsigned char (*)[2]') to parameter of type 'uint8_t *' (aka 'unsigned char *') [-Wincompatible-pointer-types]
  440 |            PrintInfo(&huart3, &CR, 2);
      |                               ^~~
../Src/main.c(256): note: passing argument to parameter 'String' here
  256 | void PrintInfo(UART_HandleTypeDef *huart, uint8_t *String, uint16_t Size)
      |                                                    ^
../Src/main.c(442): warning: passing 'uint8_t[50]' (aka 'unsigned char[50]') to parameter of type 'char *' converts between pointers to integer types where one is of the unique plain 'char' type and the other is not [-Wpointer-sign]
  442 |            FH_Micro_Shell_CMD(aRXBuffertest,cnt);
      |                               ^~~~~~~~~~~~~
../Src/main.c(352): note: passing argument to parameter 'cmd' here
  352 | void FH_Micro_Shell_CMD(char * cmd, uint8_t size)
      |                                ^
3 warnings generated.
compiling main.c...
compiling stm32f4xx_hal_cortex.c...
compiling stm32f4xx_hal_flash_ramfunc.c...
compiling stm32f4xx_nucleo.c...
compiling stm32f4xx_it.c...
compiling stm32f4xx_hal_msp.c...
compiling stm32f4xx_hal_flash.c...
compiling stm32f4xx_hal_exti.c...
compiling stm32f4xx_hal.c...
compiling stm32f4xx_hal_flash_ex.c...
compiling stm32f4xx_hal_dma.c...
compiling stm32f4xx_hal_dma_ex.c...
compiling stm32f4xx_hal_pwr.c...
compiling stm32f4xx_hal_pwr_ex.c...
compiling stm32f4xx_hal_rcc.c...
compiling stm32f4xx_hal_tim.c...
compiling stm32f4xx_hal_tim_ex.c...
compiling stm32f4xx_hal_rcc_ex.c...
compiling stm32f4xx_hal_uart.c...
linking...
Program Size: Code=16308 RO-data=692 RW-data=84 ZI-data=1420  
FromELF: creating hex file...
"UART_ReceptionToIdle_CircularDMA\Exe\UART_ReceptionToIdle_CircularDMA.axf" - 0 Error(s), 3 Warning(s).

<h2>Software Packages used:</h2>

Package Vendor: ARM
                http://www.keil.com/pack/ARM.CMSIS.5.9.0.pack
                ARM::CMSIS@5.9.0
                CMSIS (Common Microcontroller Software Interface Standard)
   * Component: CORE Version: 5.6.0

Package Vendor: Keil
                https://www.keil.com/pack/Keil.STM32F4xx_DFP.2.17.1.pack
                Keil::STM32F4xx_DFP@2.17.1
                STMicroelectronics STM32F4 Series Device Support, Drivers and Examples

<h2>Collection of Component include folders:</h2>
  ./RTE/_UART_ReceptionToIdle_CircularDMA
  D:/work/Keil/Pack/ARM/CMSIS/5.9.0/CMSIS/Core/Include
  D:/work/Keil/Pack/Keil/STM32F4xx_DFP/2.17.1/Drivers/CMSIS/Device/ST/STM32F4xx/Include

<h2>Collection of Component Files used:</h2>

   * Component: ARM::CMSIS:CORE@5.6.0
      Include file:  CMSIS/Core/Include/tz_context.h
Build Time Elapsed:  00:00:01
</pre>
</body>
</html>
